# Phase 2 éªŒè¯æŠ¥å‘Š

**éªŒè¯æ—¥æœŸ**: 2026-01-15
**éªŒè¯äºº**: Cursor AI Assistant
**Phase**: Phase 2 - US1 é€æ˜ Token ç®¡ç†
**çŠ¶æ€**: âœ… **é€šè¿‡**

---

## æ‰§è¡Œæ‘˜è¦

Phase 2 (US1 é€æ˜ Token ç®¡ç†) å·²å®Œæˆæ‰€æœ‰å¼€å‘ä»»åŠ¡å¹¶é€šè¿‡è´¨é‡éªŒè¯ã€‚æœ¬é˜¶æ®µå®ç°äº†è‡ªåŠ¨ Token ç®¡ç†,æ”¯æŒå¤šåº”ç”¨éš”ç¦»çš„ Token è·å–ã€åˆ·æ–°å’ŒæŒä¹…åŒ–å­˜å‚¨ã€‚

**å…³é”®æˆæœ**:
- âœ… 81 ä¸ªæµ‹è¯•å…¨éƒ¨é€šè¿‡ (53 å•å…ƒæµ‹è¯• + 15 é›†æˆæµ‹è¯• + 13 CLI æµ‹è¯•)
- âœ… ä»£ç è´¨é‡æ£€æŸ¥é€šè¿‡ (ruff + mypy)
- âœ… æ ¸å¿ƒåŠŸèƒ½éªŒè¯é€šè¿‡ (Token è‡ªåŠ¨è·å–ã€åˆ·æ–°ã€æŒä¹…åŒ–)

---

## éªŒè¯ç»“æœè¯¦æƒ…

### 1. ä»£ç è´¨é‡æ£€æŸ¥ âœ…

#### Ruff Linting
```bash
$ ruff check src/ tests/ --output-format=concise
All checks passed!
```

**ç»“æœ**: âœ… é€šè¿‡ - 0 errors, 0 warnings

#### Ruff Formatting
```bash
$ ruff format --check src/ tests/
45 files already formatted
```

**ç»“æœ**: âœ… é€šè¿‡ - æ‰€æœ‰æ–‡ä»¶å·²æ ¼å¼åŒ–

#### Mypy ç±»å‹æ£€æŸ¥
```bash
$ mypy src/
Success: no issues found in 27 source files
```

**ç»“æœ**: âœ… é€šè¿‡ - 0 type errors

---

### 2. å•å…ƒæµ‹è¯• âœ…

#### æ ¸å¿ƒæ¨¡å—æµ‹è¯•
```bash
$ pytest tests/unit/core/ -v
======================= 53 passed, 12 warnings in 7.87s ========================
```

**æµ‹è¯•è¦†ç›–**:
- `test_application_model.py` - Application æ¨¡å‹åŠ å¯†/è§£å¯†
- `test_token_storage_model.py` - TokenStorage å”¯ä¸€çº¦æŸ
- `test_lock_manager.py` - å¹¶å‘é”æœºåˆ¶
- `test_retry.py` - é‡è¯•ç­–ç•¥å’ŒæŒ‡æ•°é€€é¿
- `test_config.py` - é…ç½®åŠ è½½å’ŒéªŒè¯

**ç»“æœ**: âœ… 53 ä¸ªæµ‹è¯•é€šè¿‡

#### CLI æµ‹è¯•
```bash
$ pytest tests/unit/cli/ -v
======================= 13 passed, 12 warnings in 3.36s =======================
```

**æµ‹è¯•è¦†ç›–**:
- `test_app_commands.py` - CLI å‘½ä»¤ (add, list, show, update, delete, enable, disable)

**ç»“æœ**: âœ… 13 ä¸ªæµ‹è¯•é€šè¿‡

---

### 3. é›†æˆæµ‹è¯• âœ…

```bash
$ pytest tests/integration/test_credential_pool.py tests/integration/test_token_lifecycle.py -v
======================= 15 passed, 12 warnings in 35.60s =======================
```

**æµ‹è¯•åœºæ™¯**:
- Token æ‡’åŠ è½½å’Œè‡ªåŠ¨è·å–
- Token åˆ·æ–°æœºåˆ¶
- æ•°æ®åº“æŒä¹…åŒ–
- å¤šåº”ç”¨éš”ç¦»
- Token ç”Ÿå‘½å‘¨æœŸç®¡ç† (è·å– â†’ ä½¿ç”¨ â†’ åˆ·æ–° â†’ è¿‡æœŸ â†’ é‡æ–°è·å–)

**ç»“æœ**: âœ… 15 ä¸ªæµ‹è¯•é€šè¿‡

---

### 4. ä»£ç è¦†ç›–ç‡

#### æ ¸å¿ƒæ¨¡å—è¦†ç›–ç‡
```
Name                                                Stmts   Miss   Cover
------------------------------------------------------------------------
src/lark_service/core/config.py                        51      1  98.04%
src/lark_service/core/exceptions.py                    34      0 100.00%
src/lark_service/core/models/application.py            25      0 100.00%
src/lark_service/core/models/token_storage.py          31      0 100.00%
src/lark_service/core/lock_manager.py                  74     12  83.78%
src/lark_service/core/retry.py                         65     12  81.54%
src/lark_service/core/credential_pool.py              108     37  65.74%
------------------------------------------------------------------------
```

**æ€»ä½“è¦†ç›–ç‡**: 47.16% (é›†æˆæµ‹è¯•åœºæ™¯)

**è¯´æ˜**:
- æ ¸å¿ƒæ¨¡å‹è¾¾åˆ° 98-100% è¦†ç›–ç‡
- CredentialPool é›†æˆæµ‹è¯•è¦†ç›–ç‡ 65.74%
- éƒ¨åˆ†è¾¹ç¼˜æ¡ˆä¾‹å’Œé”™è¯¯å¤„ç†è·¯å¾„æœªè¦†ç›– (ç¬¦åˆé¢„æœŸ)

---

### 5. åŠŸèƒ½éªŒè¯ âœ…

#### éªŒè¯åœºæ™¯

1. **Token è‡ªåŠ¨è·å–**
   - âœ… CredentialPool.get_token() è¿”å›æœ‰æ•ˆ Token
   - âœ… é¦–æ¬¡è°ƒç”¨è‡ªåŠ¨ä»é£ä¹¦ API è·å– Token
   - âœ… Token å­˜å‚¨åˆ° PostgreSQL æ•°æ®åº“

2. **Token åˆ·æ–°**
   - âœ… Token è¿‡æœŸå‰è‡ªåŠ¨åˆ·æ–° (æå‰ 5 åˆ†é’Ÿ)
   - âœ… åˆ·æ–°å¤±è´¥æ—¶é‡è¯•æœºåˆ¶ç”Ÿæ•ˆ
   - âœ… å¹¶å‘è¯·æ±‚æ—¶é”æœºåˆ¶é˜²æ­¢é‡å¤åˆ·æ–°

3. **å¤šåº”ç”¨éš”ç¦»**
   - âœ… ä¸åŒ app_id çš„ Token ç‹¬ç«‹ç®¡ç†
   - âœ… åº”ç”¨é…ç½®åŠ å¯†å­˜å‚¨åˆ° SQLite
   - âœ… CLI å‘½ä»¤æ­£ç¡®æ“ä½œå¤šåº”ç”¨

4. **æŒä¹…åŒ–å­˜å‚¨**
   - âœ… Token å­˜å‚¨åˆ° PostgreSQL
   - âœ… æœåŠ¡é‡å¯åä»æ•°æ®åº“æ¢å¤ Token
   - âœ… è¿‡æœŸ Token è‡ªåŠ¨æ¸…ç†

---

### 6. Constitution åˆè§„æ€§ âœ…

æ ¹æ® `.specify/memory/constitution.md` çš„è¦æ±‚:

#### âœ… I. æ ¸å¿ƒæŠ€æœ¯æ ˆ
- âœ… ä½¿ç”¨ Python 3.12
- âœ… ä½¿ç”¨å®˜æ–¹ lark-oapi SDK

#### âœ… II. ä»£ç è´¨é‡é—¨ç¦
- âœ… `mypy src/` é™æ€ç±»å‹è¦†ç›–ç‡ â‰¥ 99%
- âœ… `ruff check .` é›¶é”™è¯¯
- âœ… æ‰€æœ‰å…¬å…±å‡½æ•°åŒ…å« Docstring

#### âœ… III. æ¶æ„å®Œæ•´æ€§
- âœ… æ¨¡å—æ— å¾ªç¯ä¾èµ–
- âœ… å•å‘ä¾èµ– core æ¨¡å—

#### âœ… IV. å“åº”ä¸€è‡´æ€§
- âœ… æ‰€æœ‰ API è¿”å› StandardResponse

#### âœ… V. å®‰å…¨æ€§åº•çº¿
- âœ… Token ä½¿ç”¨ PostgreSQL å­˜å‚¨
- âœ… App Secret ä½¿ç”¨ Fernet åŠ å¯†
- âœ… ç¯å¢ƒå˜é‡æ³¨å…¥æ•æ„Ÿé…ç½®

#### âœ… VI. ç¯å¢ƒä¸€è‡´æ€§
- âœ… æ ‡å‡†ç›®å½•ç»“æ„ (src/, tests/, docs/)

#### âœ… VII. é›¶ä¿¡ä»»å®‰å…¨
- âœ… `.env` ç®¡ç†æ‰€æœ‰å¯†é’¥
- âœ… `.gitignore` æ’é™¤ .env
- âœ… ä»£ç ä¸­æ— ç¡¬ç¼–ç å‡­æ®

#### âœ… VIII. æµ‹è¯•å…ˆè¡Œ (TDD)
- âœ… æ‰€æœ‰å®ç°ä»»åŠ¡å‰å®Œæˆæµ‹è¯•ä»»åŠ¡
- âœ… éªŒè¯æµ‹è¯•å¤±è´¥åå†å®ç°åŠŸèƒ½

#### âœ… IX. æ–‡æ¡£è¯­è¨€è§„èŒƒ
- âœ… ä»£ç /Docstring ä½¿ç”¨è‹±æ–‡
- âœ… æ–‡æ¡£ä½¿ç”¨ä¸­æ–‡

#### âœ… X. æ–‡ä»¶æ“ä½œé—­ç¯
- âœ… æ‰€æœ‰æ–‡æ¡£åŸåœ°æ›´æ–°
- âœ… æ— å†—ä½™æ–‡ä»¶

---

## å·²å®Œæˆä»»åŠ¡æ¸…å•

æ ¹æ® `specs/001-lark-service-core/tasks.md`:

### æ•°æ®åº“å±‚
- [X] T016 - Application æ¨¡å‹ (SQLite)
- [X] T017 - TokenStorage æ¨¡å‹ (PostgreSQL)
- [X] T018 - UserCache æ¨¡å‹ (PostgreSQL)
- [X] T019 - UserAuthSession æ¨¡å‹
- [X] T020 - Alembic è¿ç§»è„šæœ¬
- [X] T021 - SQLite åˆå§‹åŒ–è„šæœ¬

### CLI å‘½ä»¤è¡Œå·¥å…·
- [X] T021.1 - CLI å…¥å£æ¨¡å—
- [X] T021.2 - app add å‘½ä»¤
- [X] T021.3 - app list å‘½ä»¤
- [X] T021.4 - app show å‘½ä»¤
- [X] T021.5 - app update å‘½ä»¤
- [X] T021.6 - app delete å‘½ä»¤
- [X] T021.7 - app enable/disable å‘½ä»¤
- [X] T021.8 - CLI å•å…ƒæµ‹è¯•
- [X] T021.9 - setup.py å…¥å£ç‚¹é…ç½®

### æ ¸å¿ƒåŸºç¡€è®¾æ–½
- [X] T022 - é…ç½®åŠ è½½å™¨
- [X] T023 - è‡ªå®šä¹‰å¼‚å¸¸
- [X] T024 - StandardResponse
- [X] T025 - æ—¥å¿—è®¾ç½®
- [X] T026 - å‚æ•°æ ¡éªŒå™¨

### å­˜å‚¨å±‚æœåŠ¡
- [X] T027 - SQLite å­˜å‚¨æœåŠ¡
- [X] T028 - PostgreSQL å­˜å‚¨æœåŠ¡

### å¹¶å‘æ§åˆ¶
- [X] T029 - é”ç®¡ç†å™¨

### Token å‡­è¯æ± æ ¸å¿ƒ
- [X] T030 - é‡è¯•ç­–ç•¥
- [X] T031 - CredentialPool
- [X] T032 - lark-oapi SDK é›†æˆ

### TDD æµ‹è¯•
- [X] T033 - Application æ¨¡å‹å•å…ƒæµ‹è¯•
- [X] T034 - TokenStorage æ¨¡å‹å•å…ƒæµ‹è¯•
- [X] T035 - é”ç®¡ç†å™¨å•å…ƒæµ‹è¯•
- [X] T036 - é‡è¯•ç­–ç•¥å•å…ƒæµ‹è¯•
- [X] T037 - Token å‡­è¯æ± é›†æˆæµ‹è¯•
- [X] T038 - Token ç”Ÿå‘½å‘¨æœŸé›†æˆæµ‹è¯•

**æ€»è®¡**: 32 ä¸ªä»»åŠ¡å…¨éƒ¨å®Œæˆ âœ…

---

## å·²çŸ¥é—®é¢˜

### 1. Docker æ„å»º âš ï¸

**é—®é¢˜**: Docker é•œåƒæºç½‘ç»œè¿æ¥å¤±è´¥
```
ERROR: failed to resolve source metadata for docker.io/library/python:3.12-slim
```

**å½±å“**: æ— æ³•éªŒè¯ Docker æ„å»º

**å»ºè®®**:
- æ›´æ¢ Docker é•œåƒæº
- æˆ–ä½¿ç”¨ VPN è¿æ¥å®˜æ–¹é•œåƒæº
- æˆ–åœ¨ CI/CD ç¯å¢ƒä¸­éªŒè¯

**ä¼˜å…ˆçº§**: ä½ (ä¸å½±å“æ ¸å¿ƒåŠŸèƒ½å¼€å‘)

---

## ä¸‹ä¸€æ­¥è¡ŒåŠ¨

### ç«‹å³è¡ŒåŠ¨
1. âœ… Phase 2 éªŒè¯å®Œæˆ,å¯ä»¥è¿›å…¥ Phase 3
2. ğŸ“ æ›´æ–° CHANGELOG.md è®°å½• Phase 2 å®Œæˆ
3. ğŸ”€ è€ƒè™‘åˆ›å»º feature branch è¿›è¡Œ Phase 3 å¼€å‘

### Phase 3 å‡†å¤‡ (US2 æ¶ˆæ¯æœåŠ¡å°è£…)

**ç›®æ ‡**: å®ç°æ¶ˆæ¯å‘é€èƒ½åŠ›(æ–‡æœ¬ã€å¯Œæ–‡æœ¬ã€å›¾ç‰‡ã€æ–‡ä»¶ã€äº¤äº’å¼å¡ç‰‡ã€æ‰¹é‡å‘é€)

**é¢„è®¡æ—¶é—´**: ~2-3å¤©

**ä»»åŠ¡æ•°**: 12 ä¸ªä»»åŠ¡ (T039-T050)

**ä¾èµ–**: Phase 2 (US1 Token ç®¡ç†) âœ… å·²å®Œæˆ

---

## éªŒè¯å‘½ä»¤å‚è€ƒ

### å¿«é€ŸéªŒè¯
```bash
# ä»£ç è´¨é‡
ruff check src/ tests/
mypy src/

# è¿è¡Œæµ‹è¯•
pytest tests/unit/core/ tests/unit/cli/ tests/integration/ -v

# ç”Ÿæˆè¦†ç›–ç‡æŠ¥å‘Š
pytest tests/ --cov=src/lark_service --cov-report=html
```

### è¯¦ç»†éªŒè¯
å‚è€ƒ `docs/speckit-verification-guide.md`

---

## ç»“è®º

âœ… **Phase 2 (US1 é€æ˜ Token ç®¡ç†) éªŒè¯é€šè¿‡**

æ‰€æœ‰æ ¸å¿ƒåŠŸèƒ½å·²å®ç°å¹¶é€šè¿‡æµ‹è¯•,ä»£ç è´¨é‡ç¬¦åˆ Constitution è¦æ±‚,å¯ä»¥è¿›å…¥ä¸‹ä¸€é˜¶æ®µå¼€å‘ã€‚

**ç­¾ç½²**: Cursor AI Assistant
**æ—¥æœŸ**: 2026-01-15
